// Jest Snapshot v1, https://goo.gl/fbAQLP

exports[`Testing page example should render home 1`] = `
<div>
  <div
    class="homepage-background fixed inset-0 bg-repeat bg-center"
    style="background-image: url(/img.jpg);"
  >
    <button
      class="inline-flex items-center justify-center gap-2 rounded-full font-medium transition-all disabled:pointer-events-none bg-white text-black hover:bg-[var(--burnt-sienna)] hover:text-white active:bg-[var(--burnt-sienna-dark)] disabled:bg-[var(--mineshaft)] disabled:text-[var(--mid-gray)] w-[138px]"
      data-slot="button"
    >
      Hello World
    </button>
    <button
      class="inline-flex items-center justify-center gap-2 rounded-full font-medium transition-all disabled:pointer-events-none bg-transparent text-white border border-white/80 hover:bg-white/10 hover:border-2 active:bg-white/20 active:border-2 disabled:border-white/30 disabled:text-white/40 w-[138px]"
      data-slot="button"
    >
      Hello World
    </button>
  </div>
</div>
`;
