// Jest Snapshot v1, https://goo.gl/fbAQLP

exports[`Testing page example should render home 1`] = `
<div>
  <div>
    <section
      class="text-gray-600 body-font"
    >
      <div
        class="container px-5 py-24 mx-auto"
      >
        <div
          class="flex flex-col w-full mb-20 text-center justify-center items-center"
        >
          <img
            alt="Logo"
            class="mb-4"
            data-nimg="1"
            decoding="async"
            height="100"
            loading="lazy"
            src="/logo.svg"
            style="color: transparent;"
            width="100"
          />
          <h2
            class="mb-1 text-xs font-medium tracking-widest text-red-500 title-font"
          >
            NIMBLENEXT
          </h2>
          <h1
            class="mb-4 text-2xl font-medium text-gray-900 sm:text-3xl title-font"
          >
            Nimbleways' Opinionated Next.js boilerplate
          </h1>
        </div>
        <div
          class="flex flex-wrap justify-center"
        >
          <div
            class="xl:w-1/4 lg:w-1/2 md:w-full px-8 py-6 border-l-2 border-gray-200 border-opacity-60 flex flex-col justify-between"
          >
            <section>
              <h2
                class="text-lg sm:text-xl text-gray-900 font-medium title-font mb-2"
              >
                Stability
              </h2>
              <p
                class="leading-relaxed text-base mb-4"
              >
                Le produit ne doit pas présenter de bugs impactant l'expérience utilisateur.
              </p>
            </section>
            <a
              class="text-red-500 inline-flex items-center"
              href="https://www.notion.so/m33/Framework-Qualit-3S-3bff76b2f374475298ef909341696281#77f96802a1954504a71ca6480f609c50"
              rel="noreferrer"
              target="_blank"
            >
              Learn More
              <svg
                class="w-4 h-4 ml-2"
                fill="none"
                stroke="currentColor"
                stroke-linecap="round"
                stroke-linejoin="round"
                stroke-width="2"
                viewBox="0 0 24 24"
              >
                <path
                  d="M5 12h14M12 5l7 7-7 7"
                />
              </svg>
            </a>
          </div>
          <div
            class="xl:w-1/4 lg:w-1/2 md:w-full px-8 py-6 border-l-2 border-gray-200 border-opacity-60 flex flex-col justify-between"
          >
            <section>
              <h2
                class="text-lg sm:text-xl text-gray-900 font-medium title-font mb-2"
              >
                Security
              </h2>
              <p
                class="leading-relaxed text-base mb-4"
              >
                Le produit doit être prémunis contre les vulnérabilités les plus communes.
              </p>
            </section>
            <a
              class="text-red-500 inline-flex items-center"
              href="https://www.notion.so/m33/Framework-Qualit-3S-3bff76b2f374475298ef909341696281#becfbc6cab35431fbef11110c9b34546"
              rel="noreferrer"
              target="_blank"
            >
              Learn More
              <svg
                class="w-4 h-4 ml-2"
                fill="none"
                stroke="currentColor"
                stroke-linecap="round"
                stroke-linejoin="round"
                stroke-width="2"
                viewBox="0 0 24 24"
              >
                <path
                  d="M5 12h14M12 5l7 7-7 7"
                />
              </svg>
            </a>
          </div>
          <div
            class="xl:w-1/4 lg:w-1/2 md:w-full px-8 py-6 border-l-2 border-gray-200 border-opacity-60 flex flex-col justify-between"
          >
            <section>
              <h2
                class="text-lg sm:text-xl text-gray-900 font-medium title-font mb-2"
              >
                Speed
              </h2>
              <p
                class="leading-relaxed text-base mb-4"
              >
                Le produit doit être au standard sur la performance. Ca inclut la vitesse de chargement et la scalabilité.
              </p>
            </section>
            <a
              class="text-red-500 inline-flex items-center"
              href="https://www.notion.so/m33/Framework-Qualit-3S-3bff76b2f374475298ef909341696281#b9184c326e2c48d6a696ecd59f64328f"
              rel="noreferrer"
              target="_blank"
            >
              Learn More
              <svg
                class="w-4 h-4 ml-2"
                fill="none"
                stroke="currentColor"
                stroke-linecap="round"
                stroke-linejoin="round"
                stroke-width="2"
                viewBox="0 0 24 24"
              >
                <path
                  d="M5 12h14M12 5l7 7-7 7"
                />
              </svg>
            </a>
          </div>
        </div>
        <div
          class="flex flex-col w-full mb-20 text-center"
        >
          <h2
            class="mb-1 text-s font-medium tracking-widest text-red-500 "
          >
            <button
              class="btn btn-blue"
            >
              Changer la langue
            </button>
          </h2>
          <div
            class="mb-4 text-2xl font-medium text-gray-900 sm:text-3xl title-font"
          >
            <h2>
              example de texte
            </h2>
            <h2>
              exemple de texte 
              <u>
                formaté
              </u>
            </h2>
            <div
              class="flex justify-center mt-4"
            >
              <button
                class="inline-flex items-center justify-center gap-2 whitespace-nowrap rounded-md text-sm font-medium transition-all disabled:pointer-events-none disabled:opacity-50 [&_svg]:pointer-events-none [&_svg:not([class*='size-'])]:size-4 shrink-0 [&_svg]:shrink-0 outline-none focus-visible:border-ring focus-visible:ring-[3px] aria-invalid:ring-destructive/20 dark:aria-invalid:ring-destructive/40 aria-invalid:border-destructive bg-destructive text-white hover:bg-destructive/90 focus-visible:ring-destructive/20 dark:focus-visible:ring-destructive/40 dark:bg-destructive/60 h-9 px-4 py-2 has-[>svg]:px-3"
                data-slot="button"
              >
                <svg
                  aria-hidden="true"
                  class="lucide lucide-rocket"
                  fill="none"
                  height="24"
                  stroke="currentColor"
                  stroke-linecap="round"
                  stroke-linejoin="round"
                  stroke-width="2"
                  viewBox="0 0 24 24"
                  width="24"
                  xmlns="http://www.w3.org/2000/svg"
                >
                  <path
                    d="M4.5 16.5c-1.5 1.26-2 5-2 5s3.74-.5 5-2c.71-.84.7-2.13-.09-2.91a2.18 2.18 0 0 0-2.91-.09z"
                  />
                  <path
                    d="m12 15-3-3a22 22 0 0 1 2-3.95A12.88 12.88 0 0 1 22 2c0 2.72-.78 7.5-6 11a22.35 22.35 0 0 1-4 2z"
                  />
                  <path
                    d="M9 12H4s.55-3.03 2-4c1.62-1.08 5 0 5 0"
                  />
                  <path
                    d="M12 15v5s3.03-.55 4-2c1.08-1.62 0-5 0-5"
                  />
                </svg>
                Exemple de bouton shadcn
              </button>
            </div>
          </div>
        </div>
      </div>
    </section>
  </div>
</div>
`;
